../Core/Src/main.c:47:6:LCD_Write_4bit	16	static
../Core/Src/main.c:61:6:LCD_Write_8bit	16	static
../Core/Src/main.c:66:6:LCD_Send_string	24	static
../Core/Src/main.c:74:6:LCD_init	8	static
../Core/Src/main.c:121:10:Read_ADC_Value	16	static
../Core/Src/main.c:146:6:HAL_GPIO_EXTI_Callback	16	static
../Core/Src/main.c:154:6:HAL_TIM_PeriodElapsedCallback	16	static
../Core/Src/main.c:167:5:main	96	static
../Core/Src/main.c:309:6:SystemClock_Config	88	static
../Core/Src/main.c:353:13:MX_ADC1_Init	24	static
../Core/Src/main.c:400:13:MX_TIM2_Init	32	static
../Core/Src/main.c:445:13:MX_USART1_UART_Init	8	static
../Core/Src/main.c:478:13:MX_GPIO_Init	32	static
../Core/Src/main.c:529:6:Error_Handler	4	static,ignoring_inline_asm
